// Jest Snapshot v1, https://goo.gl/fbAQLP

exports[`Label renders correctly 1`] = `
.c0 {
  color: #636d7f;
  display: inline-block;
  font-size: 0.75rem;
  font-weight: 600;
  line-height: 1.2em;
  text-transform: capitalize;
}

<label
  className="c0"
  htmlFor="test"
/>
`;
